11:41:25 **** Incremental Build of configuration Debug for project cduFM ****
make -j4 all 
arm-none-eabi-gcc "../Core/Src/NAVSCreen.c" -mcpu=cortex-m0 -std=gnu11 -g3 -DDEBUG -DUSE_HAL_DRIVER -DSTM32F091xC -c -I../Core/Inc -I../Drivers/STM32F0xx_HAL_Driver/Inc -I../Drivers/STM32F0xx_HAL_Driver/Inc/Legacy -I../Drivers/CMSIS/Device/ST/STM32F0xx/Include -I../Drivers/CMSIS/Include -O0 -ffunction-sections -fdata-sections -Wall -fstack-usage -fcyclomatic-complexity -MMD -MP -MF"Core/Src/NAVSCreen.d" -MT"Core/Src/NAVSCreen.o" --specs=nano.specs -mfloat-abi=soft -mthumb -o "Core/Src/NAVSCreen.o"
../Core/Src/NAVSCreen.c: In function 'NavScreenStateMachine':
../Core/Src/NAVSCreen.c:145:39: warning: assignment discards 'volatile' qualifier from pointer target type [-Wdiscarded-qualifiers]
  145 |                                 Label = &Params->P1;
      |                                       ^
../Core/Src/NAVSCreen.c:148:39: warning: assignment discards 'volatile' qualifier from pointer target type [-Wdiscarded-qualifiers]
  148 |                                 Label = &Params->P5;
      |                                       ^
../Core/Src/NAVSCreen.c:164:39: warning: assignment discards 'volatile' qualifier from pointer target type [-Wdiscarded-qualifiers]
  164 |                                 Label = &Params->P2;
      |                                       ^
../Core/Src/NAVSCreen.c:167:39: warning: assignment discards 'volatile' qualifier from pointer target type [-Wdiscarded-qualifiers]
  167 |                                 Label = &Params->P6;
      |                                       ^
../Core/Src/NAVSCreen.c:183:39: warning: assignment discards 'volatile' qualifier from pointer target type [-Wdiscarded-qualifiers]
  183 |                                 Label = &Params->P3;
      |                                       ^
../Core/Src/NAVSCreen.c:186:39: warning: assignment discards 'volatile' qualifier from pointer target type [-Wdiscarded-qualifiers]
  186 |                                 Label = &Params->P7;
      |                                       ^
../Core/Src/NAVSCreen.c:202:39: warning: assignment discards 'volatile' qualifier from pointer target type [-Wdiscarded-qualifiers]
  202 |                                 Label = &Params->P4;
      |                                       ^
../Core/Src/NAVSCreen.c:205:39: warning: assignment discards 'volatile' qualifier from pointer target type [-Wdiscarded-qualifiers]
  205 |                                 Label = &Params->P8;
      |                                       ^
../Core/Src/NAVSCreen.c:260:35: warning: implicit declaration of function 'atof' [-Wimplicit-function-declaration]
  260 |                 Params->Standby = atof(&text[2]); // remove s_ first
      |                                   ^~~~
../Core/Src/NAVSCreen.c:271:26: warning: passing argument 1 of 'swapFreq' discards 'volatile' qualifier from pointer target type [-Wdiscarded-qualifiers]
  271 |                 swapFreq(&Params->Active,&Params->Standby);
      |                          ^~~~~~~~~~~~~~~
../Core/Src/NAVSCreen.c:97:23: note: expected 'double *' but argument is of type 'volatile double *'
   97 | void swapFreq(double *param1, double *param2)
      |               ~~~~~~~~^~~~~~
../Core/Src/NAVSCreen.c:271:42: warning: passing argument 2 of 'swapFreq' discards 'volatile' qualifier from pointer target type [-Wdiscarded-qualifiers]
  271 |                 swapFreq(&Params->Active,&Params->Standby);
      |                                          ^~~~~~~~~~~~~~~~
../Core/Src/NAVSCreen.c:97:39: note: expected 'double *' but argument is of type 'volatile double *'
   97 | void swapFreq(double *param1, double *param2)
      |                               ~~~~~~~~^~~~~~
../Core/Src/NAVSCreen.c: In function 'ChangeNavParam':
../Core/Src/NAVSCreen.c:95:1: warning: control reaches end of non-void function [-Wreturn-type]
   95 | }
      | ^
../Core/Src/NAVSCreen.c: In function 'NavScreenStateMachine':
../Core/Src/NAVSCreen.c:247:41: warning: 'strncat' specified bound 1 equals source length [-Wstringop-overflow=]
  247 |                                         strncat(text, ".", 1);
      |                                         ^~~~~~~~~~~~~~~~~~~~~
../Core/Src/NAVSCreen.c:332:49: warning: 'strncat' specified bound 1 equals source length [-Wstringop-overflow=]
  332 |                                                 strncat(str, ".", 1);
      |                                                 ^~~~~~~~~~~~~~~~~~~~
../Core/Src/NAVSCreen.c:263:47: warning: '%f' directive output may be truncated writing between 3 and 317 bytes into a region of size 5 [-Wformat-truncation=]
  263 |                 snprintf(txt, sizeof(txt), "S %f", Params->Standby);
      |                                               ^~
../Core/Src/NAVSCreen.c:263:44: note: assuming directive output of 8 bytes
  263 |                 snprintf(txt, sizeof(txt), "S %f", Params->Standby);
      |                                            ^~~~~~
../Core/Src/NAVSCreen.c:263:17: note: 'snprintf' output between 6 and 320 bytes into a destination of size 7
  263 |                 snprintf(txt, sizeof(txt), "S %f", Params->Standby);
      |                 ^~~~~~~~~~~~~~~~~~~~~~~~~~~~~~~~~~~~~~~~~~~~~~~~~~~
arm-none-eabi-gcc -o "cduFM.elf" @"objects.list"   -mcpu=cortex-m0 -T"D:\Projects\CDU\CDU_FW\cduFM\STM32F091VCTX_FLASH.ld" --specs=nosys.specs -Wl,-Map="cduFM.map" -Wl,--gc-sections -static --specs=nano.specs -mfloat-abi=soft -mthumb -u _printf_float -u _scanf_float -Wl,--start-group -lc -lm -Wl,--end-group
Finished building target: cduFM.elf
 
arm-none-eabi-size  cduFM.elf 
arm-none-eabi-objdump -h -S cduFM.elf  > "cduFM.list"
   text	   data	    bss	    dec	    hex	filename
  47456	    548	  10640	  58644	   e514	cduFM.elf
Finished building: default.size.stdout
 
Finished building: cduFM.list
 

11:41:26 Build Finished. 0 errors, 15 warnings. (took 1s.51ms)

