11:42:16 **** Incremental Build of configuration Debug for project RCU_NAV_Feedback ****
make -j4 all 
arm-none-eabi-gcc "../Core/Src/main.c" -mcpu=cortex-m3 -std=gnu11 -g3 -DDEBUG -DUSE_HAL_DRIVER -DSTM32F103xE -c -I../Core/Inc -I../Drivers/STM32F1xx_HAL_Driver/Inc -I../Drivers/STM32F1xx_HAL_Driver/Inc/Legacy -I../Drivers/CMSIS/Device/ST/STM32F1xx/Include -I../Drivers/CMSIS/Include -I../Middlewares/Third_Party/FreeRTOS/Source/include -I../Middlewares/Third_Party/FreeRTOS/Source/CMSIS_RTOS -I../Middlewares/Third_Party/FreeRTOS/Source/portable/GCC/ARM_CM3 -O0 -ffunction-sections -fdata-sections -Wall -fstack-usage -fcyclomatic-complexity -MMD -MP -MF"Core/Src/main.d" -MT"Core/Src/main.o" --specs=nano.specs -mfloat-abi=soft -mthumb -o "Core/Src/main.o"
arm-none-eabi-gcc -o "RCU_NAV_Feedback.elf" @"objects.list"   -mcpu=cortex-m3 -T"D:\Projects\CDU\CDU_FW\rcu_nav_fb\RCU_NAV_Feedback\STM32F103VCTX_FLASH.ld" --specs=nosys.specs -Wl,-Map="RCU_NAV_Feedback.map" -Wl,--gc-sections -static --specs=nano.specs -mfloat-abi=soft -mthumb -u _printf_float -Wl,--start-group -lc -lm -Wl,--end-group
Finished building target: RCU_NAV_Feedback.elf
 
arm-none-eabi-size  RCU_NAV_Feedback.elf 
arm-none-eabi-objdump -h -S RCU_NAV_Feedback.elf  > "RCU_NAV_Feedback.list"
   text	   data	    bss	    dec	    hex	filename
  58980	    504	   6808	  66292	  102f4	RCU_NAV_Feedback.elf
Finished building: default.size.stdout
 
Finished building: RCU_NAV_Feedback.list
 
