10:54:19 **** Build of configuration Debug for project RCU_CubeIDE ****
make -j4 all 
arm-none-eabi-gcc "../Drivers/STM32F1xx_HAL_Driver/Src/stm32f1xx_hal.c" -mcpu=cortex-m3 -std=gnu11 -g3 -DDEBUG -DUSE_HAL_DRIVER -DSTM32F103xE -c -I../Core/Inc -I"D:/Projects/CDU/CDU_FW/RCU_CubeIDE/Core/rtos/Inc" -I"D:/Projects/CDU/CDU_FW/RCU_CubeIDE/Core/rtos/Src" -I../Drivers/STM32F1xx_HAL_Driver/Inc -I../Drivers/STM32F1xx_HAL_Driver/Inc/Legacy -I../Drivers/CMSIS/Device/ST/STM32F1xx/Include -I../Drivers/CMSIS/Include -I"D:/Projects/CDU/CDU_FW/RCU_CubeIDE/Core/Src" -I"D:/Projects/CDU/CDU_FW/RCU_CubeIDE/Core" -O0 -ffunction-sections -fdata-sections -Wall -fstack-usage -fcyclomatic-complexity -MMD -MP -MF"Drivers/STM32F1xx_HAL_Driver/Src/stm32f1xx_hal.d" -MT"Drivers/STM32F1xx_HAL_Driver/Src/stm32f1xx_hal.o" --specs=nano.specs -mfloat-abi=soft -mthumb -o "Drivers/STM32F1xx_HAL_Driver/Src/stm32f1xx_hal.o"
arm-none-eabi-gcc "../Drivers/STM32F1xx_HAL_Driver/Src/stm32f1xx_hal_cortex.c" -mcpu=cortex-m3 -std=gnu11 -g3 -DDEBUG -DUSE_HAL_DRIVER -DSTM32F103xE -c -I../Core/Inc -I"D:/Projects/CDU/CDU_FW/RCU_CubeIDE/Core/rtos/Inc" -I"D:/Projects/CDU/CDU_FW/RCU_CubeIDE/Core/rtos/Src" -I../Drivers/STM32F1xx_HAL_Driver/Inc -I../Drivers/STM32F1xx_HAL_Driver/Inc/Legacy -I../Drivers/CMSIS/Device/ST/STM32F1xx/Include -I../Drivers/CMSIS/Include -I"D:/Projects/CDU/CDU_FW/RCU_CubeIDE/Core/Src" -I"D:/Projects/CDU/CDU_FW/RCU_CubeIDE/Core" -O0 -ffunction-sections -fdata-sections -Wall -fstack-usage -fcyclomatic-complexity -MMD -MP -MF"Drivers/STM32F1xx_HAL_Driver/Src/stm32f1xx_hal_cortex.d" -MT"Drivers/STM32F1xx_HAL_Driver/Src/stm32f1xx_hal_cortex.o" --specs=nano.specs -mfloat-abi=soft -mthumb -o "Drivers/STM32F1xx_HAL_Driver/Src/stm32f1xx_hal_cortex.o"
arm-none-eabi-gcc "../Drivers/STM32F1xx_HAL_Driver/Src/stm32f1xx_hal_dma.c" -mcpu=cortex-m3 -std=gnu11 -g3 -DDEBUG -DUSE_HAL_DRIVER -DSTM32F103xE -c -I../Core/Inc -I"D:/Projects/CDU/CDU_FW/RCU_CubeIDE/Core/rtos/Inc" -I"D:/Projects/CDU/CDU_FW/RCU_CubeIDE/Core/rtos/Src" -I../Drivers/STM32F1xx_HAL_Driver/Inc -I../Drivers/STM32F1xx_HAL_Driver/Inc/Legacy -I../Drivers/CMSIS/Device/ST/STM32F1xx/Include -I../Drivers/CMSIS/Include -I"D:/Projects/CDU/CDU_FW/RCU_CubeIDE/Core/Src" -I"D:/Projects/CDU/CDU_FW/RCU_CubeIDE/Core" -O0 -ffunction-sections -fdata-sections -Wall -fstack-usage -fcyclomatic-complexity -MMD -MP -MF"Drivers/STM32F1xx_HAL_Driver/Src/stm32f1xx_hal_dma.d" -MT"Drivers/STM32F1xx_HAL_Driver/Src/stm32f1xx_hal_dma.o" --specs=nano.specs -mfloat-abi=soft -mthumb -o "Drivers/STM32F1xx_HAL_Driver/Src/stm32f1xx_hal_dma.o"
arm-none-eabi-gcc "../Drivers/STM32F1xx_HAL_Driver/Src/stm32f1xx_hal_exti.c" -mcpu=cortex-m3 -std=gnu11 -g3 -DDEBUG -DUSE_HAL_DRIVER -DSTM32F103xE -c -I../Core/Inc -I"D:/Projects/CDU/CDU_FW/RCU_CubeIDE/Core/rtos/Inc" -I"D:/Projects/CDU/CDU_FW/RCU_CubeIDE/Core/rtos/Src" -I../Drivers/STM32F1xx_HAL_Driver/Inc -I../Drivers/STM32F1xx_HAL_Driver/Inc/Legacy -I../Drivers/CMSIS/Device/ST/STM32F1xx/Include -I../Drivers/CMSIS/Include -I"D:/Projects/CDU/CDU_FW/RCU_CubeIDE/Core/Src" -I"D:/Projects/CDU/CDU_FW/RCU_CubeIDE/Core" -O0 -ffunction-sections -fdata-sections -Wall -fstack-usage -fcyclomatic-complexity -MMD -MP -MF"Drivers/STM32F1xx_HAL_Driver/Src/stm32f1xx_hal_exti.d" -MT"Drivers/STM32F1xx_HAL_Driver/Src/stm32f1xx_hal_exti.o" --specs=nano.specs -mfloat-abi=soft -mthumb -o "Drivers/STM32F1xx_HAL_Driver/Src/stm32f1xx_hal_exti.o"
arm-none-eabi-gcc "../Drivers/STM32F1xx_HAL_Driver/Src/stm32f1xx_hal_flash.c" -mcpu=cortex-m3 -std=gnu11 -g3 -DDEBUG -DUSE_HAL_DRIVER -DSTM32F103xE -c -I../Core/Inc -I"D:/Projects/CDU/CDU_FW/RCU_CubeIDE/Core/rtos/Inc" -I"D:/Projects/CDU/CDU_FW/RCU_CubeIDE/Core/rtos/Src" -I../Drivers/STM32F1xx_HAL_Driver/Inc -I../Drivers/STM32F1xx_HAL_Driver/Inc/Legacy -I../Drivers/CMSIS/Device/ST/STM32F1xx/Include -I../Drivers/CMSIS/Include -I"D:/Projects/CDU/CDU_FW/RCU_CubeIDE/Core/Src" -I"D:/Projects/CDU/CDU_FW/RCU_CubeIDE/Core" -O0 -ffunction-sections -fdata-sections -Wall -fstack-usage -fcyclomatic-complexity -MMD -MP -MF"Drivers/STM32F1xx_HAL_Driver/Src/stm32f1xx_hal_flash.d" -MT"Drivers/STM32F1xx_HAL_Driver/Src/stm32f1xx_hal_flash.o" --specs=nano.specs -mfloat-abi=soft -mthumb -o "Drivers/STM32F1xx_HAL_Driver/Src/stm32f1xx_hal_flash.o"
arm-none-eabi-gcc "../Drivers/STM32F1xx_HAL_Driver/Src/stm32f1xx_hal_flash_ex.c" -mcpu=cortex-m3 -std=gnu11 -g3 -DDEBUG -DUSE_HAL_DRIVER -DSTM32F103xE -c -I../Core/Inc -I"D:/Projects/CDU/CDU_FW/RCU_CubeIDE/Core/rtos/Inc" -I"D:/Projects/CDU/CDU_FW/RCU_CubeIDE/Core/rtos/Src" -I../Drivers/STM32F1xx_HAL_Driver/Inc -I../Drivers/STM32F1xx_HAL_Driver/Inc/Legacy -I../Drivers/CMSIS/Device/ST/STM32F1xx/Include -I../Drivers/CMSIS/Include -I"D:/Projects/CDU/CDU_FW/RCU_CubeIDE/Core/Src" -I"D:/Projects/CDU/CDU_FW/RCU_CubeIDE/Core" -O0 -ffunction-sections -fdata-sections -Wall -fstack-usage -fcyclomatic-complexity -MMD -MP -MF"Drivers/STM32F1xx_HAL_Driver/Src/stm32f1xx_hal_flash_ex.d" -MT"Drivers/STM32F1xx_HAL_Driver/Src/stm32f1xx_hal_flash_ex.o" --specs=nano.specs -mfloat-abi=soft -mthumb -o "Drivers/STM32F1xx_HAL_Driver/Src/stm32f1xx_hal_flash_ex.o"
arm-none-eabi-gcc "../Drivers/STM32F1xx_HAL_Driver/Src/stm32f1xx_hal_gpio.c" -mcpu=cortex-m3 -std=gnu11 -g3 -DDEBUG -DUSE_HAL_DRIVER -DSTM32F103xE -c -I../Core/Inc -I"D:/Projects/CDU/CDU_FW/RCU_CubeIDE/Core/rtos/Inc" -I"D:/Projects/CDU/CDU_FW/RCU_CubeIDE/Core/rtos/Src" -I../Drivers/STM32F1xx_HAL_Driver/Inc -I../Drivers/STM32F1xx_HAL_Driver/Inc/Legacy -I../Drivers/CMSIS/Device/ST/STM32F1xx/Include -I../Drivers/CMSIS/Include -I"D:/Projects/CDU/CDU_FW/RCU_CubeIDE/Core/Src" -I"D:/Projects/CDU/CDU_FW/RCU_CubeIDE/Core" -O0 -ffunction-sections -fdata-sections -Wall -fstack-usage -fcyclomatic-complexity -MMD -MP -MF"Drivers/STM32F1xx_HAL_Driver/Src/stm32f1xx_hal_gpio.d" -MT"Drivers/STM32F1xx_HAL_Driver/Src/stm32f1xx_hal_gpio.o" --specs=nano.specs -mfloat-abi=soft -mthumb -o "Drivers/STM32F1xx_HAL_Driver/Src/stm32f1xx_hal_gpio.o"
arm-none-eabi-gcc "../Drivers/STM32F1xx_HAL_Driver/Src/stm32f1xx_hal_gpio_ex.c" -mcpu=cortex-m3 -std=gnu11 -g3 -DDEBUG -DUSE_HAL_DRIVER -DSTM32F103xE -c -I../Core/Inc -I"D:/Projects/CDU/CDU_FW/RCU_CubeIDE/Core/rtos/Inc" -I"D:/Projects/CDU/CDU_FW/RCU_CubeIDE/Core/rtos/Src" -I../Drivers/STM32F1xx_HAL_Driver/Inc -I../Drivers/STM32F1xx_HAL_Driver/Inc/Legacy -I../Drivers/CMSIS/Device/ST/STM32F1xx/Include -I../Drivers/CMSIS/Include -I"D:/Projects/CDU/CDU_FW/RCU_CubeIDE/Core/Src" -I"D:/Projects/CDU/CDU_FW/RCU_CubeIDE/Core" -O0 -ffunction-sections -fdata-sections -Wall -fstack-usage -fcyclomatic-complexity -MMD -MP -MF"Drivers/STM32F1xx_HAL_Driver/Src/stm32f1xx_hal_gpio_ex.d" -MT"Drivers/STM32F1xx_HAL_Driver/Src/stm32f1xx_hal_gpio_ex.o" --specs=nano.specs -mfloat-abi=soft -mthumb -o "Drivers/STM32F1xx_HAL_Driver/Src/stm32f1xx_hal_gpio_ex.o"
arm-none-eabi-gcc "../Drivers/STM32F1xx_HAL_Driver/Src/stm32f1xx_hal_pwr.c" -mcpu=cortex-m3 -std=gnu11 -g3 -DDEBUG -DUSE_HAL_DRIVER -DSTM32F103xE -c -I../Core/Inc -I"D:/Projects/CDU/CDU_FW/RCU_CubeIDE/Core/rtos/Inc" -I"D:/Projects/CDU/CDU_FW/RCU_CubeIDE/Core/rtos/Src" -I../Drivers/STM32F1xx_HAL_Driver/Inc -I../Drivers/STM32F1xx_HAL_Driver/Inc/Legacy -I../Drivers/CMSIS/Device/ST/STM32F1xx/Include -I../Drivers/CMSIS/Include -I"D:/Projects/CDU/CDU_FW/RCU_CubeIDE/Core/Src" -I"D:/Projects/CDU/CDU_FW/RCU_CubeIDE/Core" -O0 -ffunction-sections -fdata-sections -Wall -fstack-usage -fcyclomatic-complexity -MMD -MP -MF"Drivers/STM32F1xx_HAL_Driver/Src/stm32f1xx_hal_pwr.d" -MT"Drivers/STM32F1xx_HAL_Driver/Src/stm32f1xx_hal_pwr.o" --specs=nano.specs -mfloat-abi=soft -mthumb -o "Drivers/STM32F1xx_HAL_Driver/Src/stm32f1xx_hal_pwr.o"
arm-none-eabi-gcc "../Drivers/STM32F1xx_HAL_Driver/Src/stm32f1xx_hal_rcc.c" -mcpu=cortex-m3 -std=gnu11 -g3 -DDEBUG -DUSE_HAL_DRIVER -DSTM32F103xE -c -I../Core/Inc -I"D:/Projects/CDU/CDU_FW/RCU_CubeIDE/Core/rtos/Inc" -I"D:/Projects/CDU/CDU_FW/RCU_CubeIDE/Core/rtos/Src" -I../Drivers/STM32F1xx_HAL_Driver/Inc -I../Drivers/STM32F1xx_HAL_Driver/Inc/Legacy -I../Drivers/CMSIS/Device/ST/STM32F1xx/Include -I../Drivers/CMSIS/Include -I"D:/Projects/CDU/CDU_FW/RCU_CubeIDE/Core/Src" -I"D:/Projects/CDU/CDU_FW/RCU_CubeIDE/Core" -O0 -ffunction-sections -fdata-sections -Wall -fstack-usage -fcyclomatic-complexity -MMD -MP -MF"Drivers/STM32F1xx_HAL_Driver/Src/stm32f1xx_hal_rcc.d" -MT"Drivers/STM32F1xx_HAL_Driver/Src/stm32f1xx_hal_rcc.o" --specs=nano.specs -mfloat-abi=soft -mthumb -o "Drivers/STM32F1xx_HAL_Driver/Src/stm32f1xx_hal_rcc.o"
arm-none-eabi-gcc "../Drivers/STM32F1xx_HAL_Driver/Src/stm32f1xx_hal_rcc_ex.c" -mcpu=cortex-m3 -std=gnu11 -g3 -DDEBUG -DUSE_HAL_DRIVER -DSTM32F103xE -c -I../Core/Inc -I"D:/Projects/CDU/CDU_FW/RCU_CubeIDE/Core/rtos/Inc" -I"D:/Projects/CDU/CDU_FW/RCU_CubeIDE/Core/rtos/Src" -I../Drivers/STM32F1xx_HAL_Driver/Inc -I../Drivers/STM32F1xx_HAL_Driver/Inc/Legacy -I../Drivers/CMSIS/Device/ST/STM32F1xx/Include -I../Drivers/CMSIS/Include -I"D:/Projects/CDU/CDU_FW/RCU_CubeIDE/Core/Src" -I"D:/Projects/CDU/CDU_FW/RCU_CubeIDE/Core" -O0 -ffunction-sections -fdata-sections -Wall -fstack-usage -fcyclomatic-complexity -MMD -MP -MF"Drivers/STM32F1xx_HAL_Driver/Src/stm32f1xx_hal_rcc_ex.d" -MT"Drivers/STM32F1xx_HAL_Driver/Src/stm32f1xx_hal_rcc_ex.o" --specs=nano.specs -mfloat-abi=soft -mthumb -o "Drivers/STM32F1xx_HAL_Driver/Src/stm32f1xx_hal_rcc_ex.o"
arm-none-eabi-gcc "../Drivers/STM32F1xx_HAL_Driver/Src/stm32f1xx_hal_spi.c" -mcpu=cortex-m3 -std=gnu11 -g3 -DDEBUG -DUSE_HAL_DRIVER -DSTM32F103xE -c -I../Core/Inc -I"D:/Projects/CDU/CDU_FW/RCU_CubeIDE/Core/rtos/Inc" -I"D:/Projects/CDU/CDU_FW/RCU_CubeIDE/Core/rtos/Src" -I../Drivers/STM32F1xx_HAL_Driver/Inc -I../Drivers/STM32F1xx_HAL_Driver/Inc/Legacy -I../Drivers/CMSIS/Device/ST/STM32F1xx/Include -I../Drivers/CMSIS/Include -I"D:/Projects/CDU/CDU_FW/RCU_CubeIDE/Core/Src" -I"D:/Projects/CDU/CDU_FW/RCU_CubeIDE/Core" -O0 -ffunction-sections -fdata-sections -Wall -fstack-usage -fcyclomatic-complexity -MMD -MP -MF"Drivers/STM32F1xx_HAL_Driver/Src/stm32f1xx_hal_spi.d" -MT"Drivers/STM32F1xx_HAL_Driver/Src/stm32f1xx_hal_spi.o" --specs=nano.specs -mfloat-abi=soft -mthumb -o "Drivers/STM32F1xx_HAL_Driver/Src/stm32f1xx_hal_spi.o"
arm-none-eabi-gcc "../Drivers/STM32F1xx_HAL_Driver/Src/stm32f1xx_hal_tim.c" -mcpu=cortex-m3 -std=gnu11 -g3 -DDEBUG -DUSE_HAL_DRIVER -DSTM32F103xE -c -I../Core/Inc -I"D:/Projects/CDU/CDU_FW/RCU_CubeIDE/Core/rtos/Inc" -I"D:/Projects/CDU/CDU_FW/RCU_CubeIDE/Core/rtos/Src" -I../Drivers/STM32F1xx_HAL_Driver/Inc -I../Drivers/STM32F1xx_HAL_Driver/Inc/Legacy -I../Drivers/CMSIS/Device/ST/STM32F1xx/Include -I../Drivers/CMSIS/Include -I"D:/Projects/CDU/CDU_FW/RCU_CubeIDE/Core/Src" -I"D:/Projects/CDU/CDU_FW/RCU_CubeIDE/Core" -O0 -ffunction-sections -fdata-sections -Wall -fstack-usage -fcyclomatic-complexity -MMD -MP -MF"Drivers/STM32F1xx_HAL_Driver/Src/stm32f1xx_hal_tim.d" -MT"Drivers/STM32F1xx_HAL_Driver/Src/stm32f1xx_hal_tim.o" --specs=nano.specs -mfloat-abi=soft -mthumb -o "Drivers/STM32F1xx_HAL_Driver/Src/stm32f1xx_hal_tim.o"
arm-none-eabi-gcc "../Drivers/STM32F1xx_HAL_Driver/Src/stm32f1xx_hal_tim_ex.c" -mcpu=cortex-m3 -std=gnu11 -g3 -DDEBUG -DUSE_HAL_DRIVER -DSTM32F103xE -c -I../Core/Inc -I"D:/Projects/CDU/CDU_FW/RCU_CubeIDE/Core/rtos/Inc" -I"D:/Projects/CDU/CDU_FW/RCU_CubeIDE/Core/rtos/Src" -I../Drivers/STM32F1xx_HAL_Driver/Inc -I../Drivers/STM32F1xx_HAL_Driver/Inc/Legacy -I../Drivers/CMSIS/Device/ST/STM32F1xx/Include -I../Drivers/CMSIS/Include -I"D:/Projects/CDU/CDU_FW/RCU_CubeIDE/Core/Src" -I"D:/Projects/CDU/CDU_FW/RCU_CubeIDE/Core" -O0 -ffunction-sections -fdata-sections -Wall -fstack-usage -fcyclomatic-complexity -MMD -MP -MF"Drivers/STM32F1xx_HAL_Driver/Src/stm32f1xx_hal_tim_ex.d" -MT"Drivers/STM32F1xx_HAL_Driver/Src/stm32f1xx_hal_tim_ex.o" --specs=nano.specs -mfloat-abi=soft -mthumb -o "Drivers/STM32F1xx_HAL_Driver/Src/stm32f1xx_hal_tim_ex.o"
arm-none-eabi-gcc "../Drivers/STM32F1xx_HAL_Driver/Src/stm32f1xx_hal_uart.c" -mcpu=cortex-m3 -std=gnu11 -g3 -DDEBUG -DUSE_HAL_DRIVER -DSTM32F103xE -c -I../Core/Inc -I"D:/Projects/CDU/CDU_FW/RCU_CubeIDE/Core/rtos/Inc" -I"D:/Projects/CDU/CDU_FW/RCU_CubeIDE/Core/rtos/Src" -I../Drivers/STM32F1xx_HAL_Driver/Inc -I../Drivers/STM32F1xx_HAL_Driver/Inc/Legacy -I../Drivers/CMSIS/Device/ST/STM32F1xx/Include -I../Drivers/CMSIS/Include -I"D:/Projects/CDU/CDU_FW/RCU_CubeIDE/Core/Src" -I"D:/Projects/CDU/CDU_FW/RCU_CubeIDE/Core" -O0 -ffunction-sections -fdata-sections -Wall -fstack-usage -fcyclomatic-complexity -MMD -MP -MF"Drivers/STM32F1xx_HAL_Driver/Src/stm32f1xx_hal_uart.d" -MT"Drivers/STM32F1xx_HAL_Driver/Src/stm32f1xx_hal_uart.o" --specs=nano.specs -mfloat-abi=soft -mthumb -o "Drivers/STM32F1xx_HAL_Driver/Src/stm32f1xx_hal_uart.o"
arm-none-eabi-gcc "../Core/rtos/Src/event_groups.c" -mcpu=cortex-m3 -std=gnu11 -g3 -DDEBUG -DUSE_HAL_DRIVER -DSTM32F103xE -c -I../Core/Inc -I"D:/Projects/CDU/CDU_FW/RCU_CubeIDE/Core/rtos/Inc" -I"D:/Projects/CDU/CDU_FW/RCU_CubeIDE/Core/rtos/Src" -I../Drivers/STM32F1xx_HAL_Driver/Inc -I../Drivers/STM32F1xx_HAL_Driver/Inc/Legacy -I../Drivers/CMSIS/Device/ST/STM32F1xx/Include -I../Drivers/CMSIS/Include -I"D:/Projects/CDU/CDU_FW/RCU_CubeIDE/Core/Src" -I"D:/Projects/CDU/CDU_FW/RCU_CubeIDE/Core" -O0 -ffunction-sections -fdata-sections -Wall -fstack-usage -fcyclomatic-complexity -MMD -MP -MF"Core/rtos/Src/event_groups.d" -MT"Core/rtos/Src/event_groups.o" --specs=nano.specs -mfloat-abi=soft -mthumb -o "Core/rtos/Src/event_groups.o"
arm-none-eabi-gcc "../Core/rtos/Src/heap_3.c" -mcpu=cortex-m3 -std=gnu11 -g3 -DDEBUG -DUSE_HAL_DRIVER -DSTM32F103xE -c -I../Core/Inc -I"D:/Projects/CDU/CDU_FW/RCU_CubeIDE/Core/rtos/Inc" -I"D:/Projects/CDU/CDU_FW/RCU_CubeIDE/Core/rtos/Src" -I../Drivers/STM32F1xx_HAL_Driver/Inc -I../Drivers/STM32F1xx_HAL_Driver/Inc/Legacy -I../Drivers/CMSIS/Device/ST/STM32F1xx/Include -I../Drivers/CMSIS/Include -I"D:/Projects/CDU/CDU_FW/RCU_CubeIDE/Core/Src" -I"D:/Projects/CDU/CDU_FW/RCU_CubeIDE/Core" -O0 -ffunction-sections -fdata-sections -Wall -fstack-usage -fcyclomatic-complexity -MMD -MP -MF"Core/rtos/Src/heap_3.d" -MT"Core/rtos/Src/heap_3.o" --specs=nano.specs -mfloat-abi=soft -mthumb -o "Core/rtos/Src/heap_3.o"
arm-none-eabi-gcc "../Core/rtos/Src/list.c" -mcpu=cortex-m3 -std=gnu11 -g3 -DDEBUG -DUSE_HAL_DRIVER -DSTM32F103xE -c -I../Core/Inc -I"D:/Projects/CDU/CDU_FW/RCU_CubeIDE/Core/rtos/Inc" -I"D:/Projects/CDU/CDU_FW/RCU_CubeIDE/Core/rtos/Src" -I../Drivers/STM32F1xx_HAL_Driver/Inc -I../Drivers/STM32F1xx_HAL_Driver/Inc/Legacy -I../Drivers/CMSIS/Device/ST/STM32F1xx/Include -I../Drivers/CMSIS/Include -I"D:/Projects/CDU/CDU_FW/RCU_CubeIDE/Core/Src" -I"D:/Projects/CDU/CDU_FW/RCU_CubeIDE/Core" -O0 -ffunction-sections -fdata-sections -Wall -fstack-usage -fcyclomatic-complexity -MMD -MP -MF"Core/rtos/Src/list.d" -MT"Core/rtos/Src/list.o" --specs=nano.specs -mfloat-abi=soft -mthumb -o "Core/rtos/Src/list.o"
arm-none-eabi-gcc "../Core/rtos/Src/port.c" -mcpu=cortex-m3 -std=gnu11 -g3 -DDEBUG -DUSE_HAL_DRIVER -DSTM32F103xE -c -I../Core/Inc -I"D:/Projects/CDU/CDU_FW/RCU_CubeIDE/Core/rtos/Inc" -I"D:/Projects/CDU/CDU_FW/RCU_CubeIDE/Core/rtos/Src" -I../Drivers/STM32F1xx_HAL_Driver/Inc -I../Drivers/STM32F1xx_HAL_Driver/Inc/Legacy -I../Drivers/CMSIS/Device/ST/STM32F1xx/Include -I../Drivers/CMSIS/Include -I"D:/Projects/CDU/CDU_FW/RCU_CubeIDE/Core/Src" -I"D:/Projects/CDU/CDU_FW/RCU_CubeIDE/Core" -O0 -ffunction-sections -fdata-sections -Wall -fstack-usage -fcyclomatic-complexity -MMD -MP -MF"Core/rtos/Src/port.d" -MT"Core/rtos/Src/port.o" --specs=nano.specs -mfloat-abi=soft -mthumb -o "Core/rtos/Src/port.o"
arm-none-eabi-gcc "../Core/rtos/Src/queue.c" -mcpu=cortex-m3 -std=gnu11 -g3 -DDEBUG -DUSE_HAL_DRIVER -DSTM32F103xE -c -I../Core/Inc -I"D:/Projects/CDU/CDU_FW/RCU_CubeIDE/Core/rtos/Inc" -I"D:/Projects/CDU/CDU_FW/RCU_CubeIDE/Core/rtos/Src" -I../Drivers/STM32F1xx_HAL_Driver/Inc -I../Drivers/STM32F1xx_HAL_Driver/Inc/Legacy -I../Drivers/CMSIS/Device/ST/STM32F1xx/Include -I../Drivers/CMSIS/Include -I"D:/Projects/CDU/CDU_FW/RCU_CubeIDE/Core/Src" -I"D:/Projects/CDU/CDU_FW/RCU_CubeIDE/Core" -O0 -ffunction-sections -fdata-sections -Wall -fstack-usage -fcyclomatic-complexity -MMD -MP -MF"Core/rtos/Src/queue.d" -MT"Core/rtos/Src/queue.o" --specs=nano.specs -mfloat-abi=soft -mthumb -o "Core/rtos/Src/queue.o"
arm-none-eabi-gcc "../Core/rtos/Src/tasks.c" -mcpu=cortex-m3 -std=gnu11 -g3 -DDEBUG -DUSE_HAL_DRIVER -DSTM32F103xE -c -I../Core/Inc -I"D:/Projects/CDU/CDU_FW/RCU_CubeIDE/Core/rtos/Inc" -I"D:/Projects/CDU/CDU_FW/RCU_CubeIDE/Core/rtos/Src" -I../Drivers/STM32F1xx_HAL_Driver/Inc -I../Drivers/STM32F1xx_HAL_Driver/Inc/Legacy -I../Drivers/CMSIS/Device/ST/STM32F1xx/Include -I../Drivers/CMSIS/Include -I"D:/Projects/CDU/CDU_FW/RCU_CubeIDE/Core/Src" -I"D:/Projects/CDU/CDU_FW/RCU_CubeIDE/Core" -O0 -ffunction-sections -fdata-sections -Wall -fstack-usage -fcyclomatic-complexity -MMD -MP -MF"Core/rtos/Src/tasks.d" -MT"Core/rtos/Src/tasks.o" --specs=nano.specs -mfloat-abi=soft -mthumb -o "Core/rtos/Src/tasks.o"
arm-none-eabi-gcc "../Core/rtos/Src/timers.c" -mcpu=cortex-m3 -std=gnu11 -g3 -DDEBUG -DUSE_HAL_DRIVER -DSTM32F103xE -c -I../Core/Inc -I"D:/Projects/CDU/CDU_FW/RCU_CubeIDE/Core/rtos/Inc" -I"D:/Projects/CDU/CDU_FW/RCU_CubeIDE/Core/rtos/Src" -I../Drivers/STM32F1xx_HAL_Driver/Inc -I../Drivers/STM32F1xx_HAL_Driver/Inc/Legacy -I../Drivers/CMSIS/Device/ST/STM32F1xx/Include -I../Drivers/CMSIS/Include -I"D:/Projects/CDU/CDU_FW/RCU_CubeIDE/Core/Src" -I"D:/Projects/CDU/CDU_FW/RCU_CubeIDE/Core" -O0 -ffunction-sections -fdata-sections -Wall -fstack-usage -fcyclomatic-complexity -MMD -MP -MF"Core/rtos/Src/timers.d" -MT"Core/rtos/Src/timers.o" --specs=nano.specs -mfloat-abi=soft -mthumb -o "Core/rtos/Src/timers.o"
arm-none-eabi-gcc -mcpu=cortex-m3 -g3 -DDEBUG -c -I"D:/Projects/CDU/CDU_FW/RCU_CubeIDE/Core/rtos/Inc" -I"D:/Projects/CDU/CDU_FW/RCU_CubeIDE/Core/rtos/Src" -I"D:/Projects/CDU/CDU_FW/RCU_CubeIDE/Core/Inc" -I"D:/Projects/CDU/CDU_FW/RCU_CubeIDE/Core/Src" -I"D:/Projects/CDU/CDU_FW/RCU_CubeIDE/Core" -x assembler-with-cpp -MMD -MP -MF"Core/Startup/startup_stm32f103vctx.d" -MT"Core/Startup/startup_stm32f103vctx.o" --specs=nano.specs -mfloat-abi=soft -mthumb -o "Core/Startup/startup_stm32f103vctx.o" "../Core/Startup/startup_stm32f103vctx.s"
arm-none-eabi-gcc "../Core/Src/NMEA0183.c" -mcpu=cortex-m3 -std=gnu11 -g3 -DDEBUG -DUSE_HAL_DRIVER -DSTM32F103xE -c -I../Core/Inc -I"D:/Projects/CDU/CDU_FW/RCU_CubeIDE/Core/rtos/Inc" -I"D:/Projects/CDU/CDU_FW/RCU_CubeIDE/Core/rtos/Src" -I../Drivers/STM32F1xx_HAL_Driver/Inc -I../Drivers/STM32F1xx_HAL_Driver/Inc/Legacy -I../Drivers/CMSIS/Device/ST/STM32F1xx/Include -I../Drivers/CMSIS/Include -I"D:/Projects/CDU/CDU_FW/RCU_CubeIDE/Core/Src" -I"D:/Projects/CDU/CDU_FW/RCU_CubeIDE/Core" -O0 -ffunction-sections -fdata-sections -Wall -fstack-usage -fcyclomatic-complexity -MMD -MP -MF"Core/Src/NMEA0183.d" -MT"Core/Src/NMEA0183.o" --specs=nano.specs -mfloat-abi=soft -mthumb -o "Core/Src/NMEA0183.o"
arm-none-eabi-gcc "../Core/Src/RCU_flash_mgr.c" -mcpu=cortex-m3 -std=gnu11 -g3 -DDEBUG -DUSE_HAL_DRIVER -DSTM32F103xE -c -I../Core/Inc -I"D:/Projects/CDU/CDU_FW/RCU_CubeIDE/Core/rtos/Inc" -I"D:/Projects/CDU/CDU_FW/RCU_CubeIDE/Core/rtos/Src" -I../Drivers/STM32F1xx_HAL_Driver/Inc -I../Drivers/STM32F1xx_HAL_Driver/Inc/Legacy -I../Drivers/CMSIS/Device/ST/STM32F1xx/Include -I../Drivers/CMSIS/Include -I"D:/Projects/CDU/CDU_FW/RCU_CubeIDE/Core/Src" -I"D:/Projects/CDU/CDU_FW/RCU_CubeIDE/Core" -O0 -ffunction-sections -fdata-sections -Wall -fstack-usage -fcyclomatic-complexity -MMD -MP -MF"Core/Src/RCU_flash_mgr.d" -MT"Core/Src/RCU_flash_mgr.o" --specs=nano.specs -mfloat-abi=soft -mthumb -o "Core/Src/RCU_flash_mgr.o"
arm-none-eabi-gcc "../Core/Src/font.c" -mcpu=cortex-m3 -std=gnu11 -g3 -DDEBUG -DUSE_HAL_DRIVER -DSTM32F103xE -c -I../Core/Inc -I"D:/Projects/CDU/CDU_FW/RCU_CubeIDE/Core/rtos/Inc" -I"D:/Projects/CDU/CDU_FW/RCU_CubeIDE/Core/rtos/Src" -I../Drivers/STM32F1xx_HAL_Driver/Inc -I../Drivers/STM32F1xx_HAL_Driver/Inc/Legacy -I../Drivers/CMSIS/Device/ST/STM32F1xx/Include -I../Drivers/CMSIS/Include -I"D:/Projects/CDU/CDU_FW/RCU_CubeIDE/Core/Src" -I"D:/Projects/CDU/CDU_FW/RCU_CubeIDE/Core" -O0 -ffunction-sections -fdata-sections -Wall -fstack-usage -fcyclomatic-complexity -MMD -MP -MF"Core/Src/font.d" -MT"Core/Src/font.o" --specs=nano.specs -mfloat-abi=soft -mthumb -o "Core/Src/font.o"
arm-none-eabi-gcc "../Core/Src/glcd.c" -mcpu=cortex-m3 -std=gnu11 -g3 -DDEBUG -DUSE_HAL_DRIVER -DSTM32F103xE -c -I../Core/Inc -I"D:/Projects/CDU/CDU_FW/RCU_CubeIDE/Core/rtos/Inc" -I"D:/Projects/CDU/CDU_FW/RCU_CubeIDE/Core/rtos/Src" -I../Drivers/STM32F1xx_HAL_Driver/Inc -I../Drivers/STM32F1xx_HAL_Driver/Inc/Legacy -I../Drivers/CMSIS/Device/ST/STM32F1xx/Include -I../Drivers/CMSIS/Include -I"D:/Projects/CDU/CDU_FW/RCU_CubeIDE/Core/Src" -I"D:/Projects/CDU/CDU_FW/RCU_CubeIDE/Core" -O0 -ffunction-sections -fdata-sections -Wall -fstack-usage -fcyclomatic-complexity -MMD -MP -MF"Core/Src/glcd.d" -MT"Core/Src/glcd.o" --specs=nano.specs -mfloat-abi=soft -mthumb -o "Core/Src/glcd.o"
../Core/Src/RCU_flash_mgr.c: In function 'spif_DeleteRecord':
../Core/Src/RCU_flash_mgr.c:220:26: warning: passing argument 1 of 'spif_WriteRecord' from incompatible pointer type [-Wincompatible-pointer-types]
  220 |         spif_WriteRecord((uint8_t*)&defaultrecord, index);
      |                          ^~~~~~~~~~~~~~~~~~~~~~~~
      |                          |
      |                          uint8_t * {aka unsigned char *}
../Core/Src/RCU_flash_mgr.c:119:37: note: expected 'recordtype_t *' but argument is of type 'uint8_t *' {aka 'unsigned char *'}
  119 | void spif_WriteRecord(recordtype_t* r /* pointer to record to write */, uint16_t index /* Flash sector number*/)
      |                       ~~~~~~~~~~~~~~^
arm-none-eabi-gcc "../Core/Src/main.c" -mcpu=cortex-m3 -std=gnu11 -g3 -DDEBUG -DUSE_HAL_DRIVER -DSTM32F103xE -c -I../Core/Inc -I"D:/Projects/CDU/CDU_FW/RCU_CubeIDE/Core/rtos/Inc" -I"D:/Projects/CDU/CDU_FW/RCU_CubeIDE/Core/rtos/Src" -I../Drivers/STM32F1xx_HAL_Driver/Inc -I../Drivers/STM32F1xx_HAL_Driver/Inc/Legacy -I../Drivers/CMSIS/Device/ST/STM32F1xx/Include -I../Drivers/CMSIS/Include -I"D:/Projects/CDU/CDU_FW/RCU_CubeIDE/Core/Src" -I"D:/Projects/CDU/CDU_FW/RCU_CubeIDE/Core" -O0 -ffunction-sections -fdata-sections -Wall -fstack-usage -fcyclomatic-complexity -MMD -MP -MF"Core/Src/main.d" -MT"Core/Src/main.o" --specs=nano.specs -mfloat-abi=soft -mthumb -o "Core/Src/main.o"
arm-none-eabi-gcc "../Core/Src/stm32f1xx_hal_msp.c" -mcpu=cortex-m3 -std=gnu11 -g3 -DDEBUG -DUSE_HAL_DRIVER -DSTM32F103xE -c -I../Core/Inc -I"D:/Projects/CDU/CDU_FW/RCU_CubeIDE/Core/rtos/Inc" -I"D:/Projects/CDU/CDU_FW/RCU_CubeIDE/Core/rtos/Src" -I../Drivers/STM32F1xx_HAL_Driver/Inc -I../Drivers/STM32F1xx_HAL_Driver/Inc/Legacy -I../Drivers/CMSIS/Device/ST/STM32F1xx/Include -I../Drivers/CMSIS/Include -I"D:/Projects/CDU/CDU_FW/RCU_CubeIDE/Core/Src" -I"D:/Projects/CDU/CDU_FW/RCU_CubeIDE/Core" -O0 -ffunction-sections -fdata-sections -Wall -fstack-usage -fcyclomatic-complexity -MMD -MP -MF"Core/Src/stm32f1xx_hal_msp.d" -MT"Core/Src/stm32f1xx_hal_msp.o" --specs=nano.specs -mfloat-abi=soft -mthumb -o "Core/Src/stm32f1xx_hal_msp.o"
arm-none-eabi-gcc "../Core/Src/stm32f1xx_it.c" -mcpu=cortex-m3 -std=gnu11 -g3 -DDEBUG -DUSE_HAL_DRIVER -DSTM32F103xE -c -I../Core/Inc -I"D:/Projects/CDU/CDU_FW/RCU_CubeIDE/Core/rtos/Inc" -I"D:/Projects/CDU/CDU_FW/RCU_CubeIDE/Core/rtos/Src" -I../Drivers/STM32F1xx_HAL_Driver/Inc -I../Drivers/STM32F1xx_HAL_Driver/Inc/Legacy -I../Drivers/CMSIS/Device/ST/STM32F1xx/Include -I../Drivers/CMSIS/Include -I"D:/Projects/CDU/CDU_FW/RCU_CubeIDE/Core/Src" -I"D:/Projects/CDU/CDU_FW/RCU_CubeIDE/Core" -O0 -ffunction-sections -fdata-sections -Wall -fstack-usage -fcyclomatic-complexity -MMD -MP -MF"Core/Src/stm32f1xx_it.d" -MT"Core/Src/stm32f1xx_it.o" --specs=nano.specs -mfloat-abi=soft -mthumb -o "Core/Src/stm32f1xx_it.o"
arm-none-eabi-gcc "../Core/Src/syscalls.c" -mcpu=cortex-m3 -std=gnu11 -g3 -DDEBUG -DUSE_HAL_DRIVER -DSTM32F103xE -c -I../Core/Inc -I"D:/Projects/CDU/CDU_FW/RCU_CubeIDE/Core/rtos/Inc" -I"D:/Projects/CDU/CDU_FW/RCU_CubeIDE/Core/rtos/Src" -I../Drivers/STM32F1xx_HAL_Driver/Inc -I../Drivers/STM32F1xx_HAL_Driver/Inc/Legacy -I../Drivers/CMSIS/Device/ST/STM32F1xx/Include -I../Drivers/CMSIS/Include -I"D:/Projects/CDU/CDU_FW/RCU_CubeIDE/Core/Src" -I"D:/Projects/CDU/CDU_FW/RCU_CubeIDE/Core" -O0 -ffunction-sections -fdata-sections -Wall -fstack-usage -fcyclomatic-complexity -MMD -MP -MF"Core/Src/syscalls.d" -MT"Core/Src/syscalls.o" --specs=nano.specs -mfloat-abi=soft -mthumb -o "Core/Src/syscalls.o"
../Core/Src/main.c: In function 'main':
../Core/Src/main.c:210:70: warning: passing argument 5 of 'xTimerCreate' from incompatible pointer type [-Wincompatible-pointer-types]
  210 |         BackupTimer = xTimerCreate("Backup", BACKUP_RATE, pdTRUE, 0, Backup_Manager);
      |                                                                      ^~~~~~~~~~~~~~
      |                                                                      |
      |                                                                      void (*)(void)
In file included from ../Core/Inc/main.h:32,
                 from ../Core/Src/main.c:16:
D:/Projects/CDU/CDU_FW/RCU_CubeIDE/Core/rtos/Inc/timers.h:234:57: note: expected 'TimerCallbackFunction_t' {aka 'void (*)(struct tmrTimerControl *)'} but argument is of type 'void (*)(void)'
  234 |                                 TimerCallbackFunction_t pxCallbackFunction ) PRIVILEGED_FUNCTION;
      |                                 ~~~~~~~~~~~~~~~~~~~~~~~~^~~~~~~~~~~~~~~~~~
../Core/Src/main.c: In function 'MAIN_Task':
../Core/Src/main.c:638:9: warning: implicit declaration of function 'spif_Init_Flash' [-Wimplicit-function-declaration]
  638 |         spif_Init_Flash();
      |         ^~~~~~~~~~~~~~~
../Core/Src/main.c:639:9: warning: implicit declaration of function 'spif_Reset_Flash' [-Wimplicit-function-declaration]
  639 |         spif_Reset_Flash();     // soft reset Flash
      |         ^~~~~~~~~~~~~~~~
../Core/Src/main.c:652:33: warning: implicit declaration of function 'spif_ReadRecord' [-Wimplicit-function-declaration]
  652 |                                 spif_ReadRecord(&memdata, 0);
      |                                 ^~~~~~~~~~~~~~~
../Core/Src/main.c:657:49: warning: implicit declaration of function 'spif_DeleteRecord' [-Wimplicit-function-declaration]
  657 |                                                 spif_DeleteRecord(freqindex);
      |                                                 ^~~~~~~~~~~~~~~~~
../Core/Src/main.c:663:36: warning: implicit declaration of function 'spif_SysState_in_Flash' [-Wimplicit-function-declaration]
  663 |                                 if(spif_SysState_in_Flash(SYSSTATE_SECTOR)) {
      |                                    ^~~~~~~~~~~~~~~~~~~~~~
../Core/Src/main.c:664:41: warning: implicit declaration of function 'spif_Load_SysState' [-Wimplicit-function-declaration]
  664 |                                         spif_Load_SysState(&SysState, SYSSTATE_SECTOR);
      |                                         ^~~~~~~~~~~~~~~~~~
../Core/Src/main.c:669:41: warning: implicit declaration of function 'spif_Store_SysState' [-Wimplicit-function-declaration]
  669 |                                         spif_Store_SysState(&DefaultSystemState, SYSSTATE_SECTOR);
      |                                         ^~~~~~~~~~~~~~~~~~~
../Core/Src/main.c:715:33: warning: implicit declaration of function 'SendMsg2Port' [-Wimplicit-function-declaration]
  715 |                                 SendMsg2Port(1, SET_ACTIVE_FREQ);       // Send message to Serial Port
      |                                 ^~~~~~~~~~~~
../Core/Src/main.c:796:48: warning: format '%f' expects argument of type 'double', but argument 3 has type 'int' [-Wformat=]
  796 |                                         "A%07.3f MicG %02d",
      |                                           ~~~~~^
      |                                                |
      |                                                double
      |                                           %07.3d
  797 |                                         SysState.gain);
      |                                         ~~~~~~~~~~~~~
      |                                                 |
      |                                                 int
../Core/Src/main.c:796:58: warning: format '%d' expects a matching 'int' argument [-Wformat=]
  796 |                                         "A%07.3f MicG %02d",
      |                                                       ~~~^
      |                                                          |
      |                                                          int
../Core/Src/main.c:869:49: warning: too many arguments for format [-Wformat-extra-args]
  869 |                                                 "A%07.3f VOL OFF",
      |                                                 ^~~~~~~~~~~~~~~~~
../Core/Src/main.c:901:49: warning: too many arguments for format [-Wformat-extra-args]
  901 |                                                 "A%07.3f VOL OFF",
      |                                                 ^~~~~~~~~~~~~~~~~
../Core/Src/main.c:945:49: warning: too many arguments for format [-Wformat-extra-args]
  945 |                                                 "A%07.3f SQL OFF",
      |                                                 ^~~~~~~~~~~~~~~~~
../Core/Src/main.c:975:49: warning: too many arguments for format [-Wformat-extra-args]
  975 |                                                 "A%07.3f SQL OFF",
      |                                                 ^~~~~~~~~~~~~~~~~
../Core/Src/main.c:1012:46: warning: implicit declaration of function 'spif_Record_Is_Empty' [-Wimplicit-function-declaration]
 1012 |                                         if (!spif_Record_Is_Empty(freqindex)) break;
      |                                              ^~~~~~~~~~~~~~~~~~~~
../Core/Src/main.c:1164:33: warning: implicit declaration of function 'spif_WriteRecord' [-Wimplicit-function-declaration]
 1164 |                                 spif_WriteRecord(&memdata, freqindex);
      |                                 ^~~~~~~~~~~~~~~~
arm-none-eabi-gcc "../Core/Src/sysmem.c" -mcpu=cortex-m3 -std=gnu11 -g3 -DDEBUG -DUSE_HAL_DRIVER -DSTM32F103xE -c -I../Core/Inc -I"D:/Projects/CDU/CDU_FW/RCU_CubeIDE/Core/rtos/Inc" -I"D:/Projects/CDU/CDU_FW/RCU_CubeIDE/Core/rtos/Src" -I../Drivers/STM32F1xx_HAL_Driver/Inc -I../Drivers/STM32F1xx_HAL_Driver/Inc/Legacy -I../Drivers/CMSIS/Device/ST/STM32F1xx/Include -I../Drivers/CMSIS/Include -I"D:/Projects/CDU/CDU_FW/RCU_CubeIDE/Core/Src" -I"D:/Projects/CDU/CDU_FW/RCU_CubeIDE/Core" -O0 -ffunction-sections -fdata-sections -Wall -fstack-usage -fcyclomatic-complexity -MMD -MP -MF"Core/Src/sysmem.d" -MT"Core/Src/sysmem.o" --specs=nano.specs -mfloat-abi=soft -mthumb -o "Core/Src/sysmem.o"
../Core/Src/main.c:646:17: warning: enumeration value 'RCU_SIDETONE_SETUP' not handled in switch [-Wswitch]
  646 |                 switch (SysState.state) {
      |                 ^~~~~~
../Core/Src/main.c:646:17: warning: enumeration value 'RCU_GAIN_SETUP' not handled in switch [-Wswitch]
../Core/Src/main.c:646:17: warning: enumeration value 'RCU_FREQ_SET' not handled in switch [-Wswitch]
../Core/Src/main.c:646:17: warning: enumeration value 'RCU_LOAD_FREQ' not handled in switch [-Wswitch]
../Core/Src/main.c:646:17: warning: enumeration value 'RCU_EDIT_FREQ' not handled in switch [-Wswitch]
../Core/Src/main.c:646:17: warning: enumeration value 'RCU_TRANSMIT' not handled in switch [-Wswitch]
../Core/Src/main.c: In function 'DISPLAY_Task':
../Core/Src/main.c:1235:17: warning: unused variable 'micgain' [-Wunused-variable]
 1235 |         uint8_t micgain = 1;
      |                 ^~~~~~~
../Core/Src/main.c:1234:17: warning: unused variable 'i' [-Wunused-variable]
 1234 |         uint8_t i;
      |                 ^
../Core/Src/main.c: In function 'PORTS_Task':
../Core/Src/main.c:1542:41: warning: pointer targets in passing argument 1 of 'sprintf' differ in signedness [-Wpointer-sign]
 1542 |                                 sprintf(temp,
      |                                         ^~~~
      |                                         |
      |                                         uint8_t * {aka unsigned char *}
In file included from ../Core/Src/main.c:20:
C:\ST\STM32CubeIDE_1.14.1\STM32CubeIDE\plugins\com.st.stm32cube.ide.mcu.externaltools.gnu-tools-for-stm32.12.3.rel1.win32_1.0.200.202406191623\tools\bin/../lib/gcc/arm-none-eabi/12.3.1/../../../../arm-none-eabi/include/stdio.h:250:18: note: expected 'char * restrict' but argument is of type 'uint8_t *' {aka 'unsigned char *'}
  250 | int     sprintf (char *__restrict, const char *__restrict, ...)
      |                  ^
../Core/Src/main.c:1547:41: warning: pointer targets in passing argument 1 of 'sprintf' differ in signedness [-Wpointer-sign]
 1547 |                                 sprintf(temp,
      |                                         ^~~~
      |                                         |
      |                                         uint8_t * {aka unsigned char *}
C:\ST\STM32CubeIDE_1.14.1\STM32CubeIDE\plugins\com.st.stm32cube.ide.mcu.externaltools.gnu-tools-for-stm32.12.3.rel1.win32_1.0.200.202406191623\tools\bin/../lib/gcc/arm-none-eabi/12.3.1/../../../../arm-none-eabi/include/stdio.h:250:18: note: expected 'char * restrict' but argument is of type 'uint8_t *' {aka 'unsigned char *'}
  250 | int     sprintf (char *__restrict, const char *__restrict, ...)
      |                  ^
../Core/Src/main.c:1553:41: warning: pointer targets in passing argument 1 of 'sprintf' differ in signedness [-Wpointer-sign]
 1553 |                                 sprintf(temp,
      |                                         ^~~~
      |                                         |
      |                                         uint8_t * {aka unsigned char *}
C:\ST\STM32CubeIDE_1.14.1\STM32CubeIDE\plugins\com.st.stm32cube.ide.mcu.externaltools.gnu-tools-for-stm32.12.3.rel1.win32_1.0.200.202406191623\tools\bin/../lib/gcc/arm-none-eabi/12.3.1/../../../../arm-none-eabi/include/stdio.h:250:18: note: expected 'char * restrict' but argument is of type 'uint8_t *' {aka 'unsigned char *'}
  250 | int     sprintf (char *__restrict, const char *__restrict, ...)
      |                  ^
../Core/Src/main.c:1559:41: warning: pointer targets in passing argument 1 of 'sprintf' differ in signedness [-Wpointer-sign]
 1559 |                                 sprintf(temp,
      |                                         ^~~~
      |                                         |
      |                                         uint8_t * {aka unsigned char *}
C:\ST\STM32CubeIDE_1.14.1\STM32CubeIDE\plugins\com.st.stm32cube.ide.mcu.externaltools.gnu-tools-for-stm32.12.3.rel1.win32_1.0.200.202406191623\tools\bin/../lib/gcc/arm-none-eabi/12.3.1/../../../../arm-none-eabi/include/stdio.h:250:18: note: expected 'char * restrict' but argument is of type 'uint8_t *' {aka 'unsigned char *'}
arm-none-eabi-gcc "../Core/Src/system_stm32f1xx.c" -mcpu=cortex-m3 -std=gnu11 -g3 -DDEBUG -DUSE_HAL_DRIVER -DSTM32F103xE -c -I../Core/Inc -I"D:/Projects/CDU/CDU_FW/RCU_CubeIDE/Core/rtos/Inc" -I"D:/Projects/CDU/CDU_FW/RCU_CubeIDE/Core/rtos/Src" -I../Drivers/STM32F1xx_HAL_Driver/Inc -I../Drivers/STM32F1xx_HAL_Driver/Inc/Legacy -I../Drivers/CMSIS/Device/ST/STM32F1xx/Include -I../Drivers/CMSIS/Include -I"D:/Projects/CDU/CDU_FW/RCU_CubeIDE/Core/Src" -I"D:/Projects/CDU/CDU_FW/RCU_CubeIDE/Core" -O0 -ffunction-sections -fdata-sections -Wall -fstack-usage -fcyclomatic-complexity -MMD -MP -MF"Core/Src/system_stm32f1xx.d" -MT"Core/Src/system_stm32f1xx.o" --specs=nano.specs -mfloat-abi=soft -mthumb -o "Core/Src/system_stm32f1xx.o"
  250 | int     sprintf (char *__restrict, const char *__restrict, ...)
      |                  ^
../Core/Src/main.c:1565:41: warning: pointer targets in passing argument 1 of 'sprintf' differ in signedness [-Wpointer-sign]
 1565 |                                 sprintf(temp,
      |                                         ^~~~
      |                                         |
      |                                         uint8_t * {aka unsigned char *}
C:\ST\STM32CubeIDE_1.14.1\STM32CubeIDE\plugins\com.st.stm32cube.ide.mcu.externaltools.gnu-tools-for-stm32.12.3.rel1.win32_1.0.200.202406191623\tools\bin/../lib/gcc/arm-none-eabi/12.3.1/../../../../arm-none-eabi/include/stdio.h:250:18: note: expected 'char * restrict' but argument is of type 'uint8_t *' {aka 'unsigned char *'}
  250 | int     sprintf (char *__restrict, const char *__restrict, ...)
      |                  ^
../Core/Src/main.c:1577:41: warning: pointer targets in passing argument 1 of 'sprintf' differ in signedness [-Wpointer-sign]
 1577 |                                 sprintf(temp,
      |                                         ^~~~
      |                                         |
      |                                         uint8_t * {aka unsigned char *}
C:\ST\STM32CubeIDE_1.14.1\STM32CubeIDE\plugins\com.st.stm32cube.ide.mcu.externaltools.gnu-tools-for-stm32.12.3.rel1.win32_1.0.200.202406191623\tools\bin/../lib/gcc/arm-none-eabi/12.3.1/../../../../arm-none-eabi/include/stdio.h:250:18: note: expected 'char * restrict' but argument is of type 'uint8_t *' {aka 'unsigned char *'}
  250 | int     sprintf (char *__restrict, const char *__restrict, ...)
      |                  ^
../Core/Src/main.c:1591:41: warning: pointer targets in passing argument 1 of 'sprintf' differ in signedness [-Wpointer-sign]
 1591 |                                 sprintf(temp,
      |                                         ^~~~
      |                                         |
      |                                         uint8_t * {aka unsigned char *}
C:\ST\STM32CubeIDE_1.14.1\STM32CubeIDE\plugins\com.st.stm32cube.ide.mcu.externaltools.gnu-tools-for-stm32.12.3.rel1.win32_1.0.200.202406191623\tools\bin/../lib/gcc/arm-none-eabi/12.3.1/../../../../arm-none-eabi/include/stdio.h:250:18: note: expected 'char * restrict' but argument is of type 'uint8_t *' {aka 'unsigned char *'}
  250 | int     sprintf (char *__restrict, const char *__restrict, ...)
      |                  ^
../Core/Src/main.c:1598:41: warning: pointer targets in passing argument 1 of 'sprintf' differ in signedness [-Wpointer-sign]
 1598 |                                 sprintf(temp, "$PMRRV71%c%c", SysState.vol + 0x30, SysState.squelch + 0x30);
      |                                         ^~~~
      |                                         |
      |                                         uint8_t * {aka unsigned char *}
C:\ST\STM32CubeIDE_1.14.1\STM32CubeIDE\plugins\com.st.stm32cube.ide.mcu.externaltools.gnu-tools-for-stm32.12.3.rel1.win32_1.0.200.202406191623\tools\bin/../lib/gcc/arm-none-eabi/12.3.1/../../../../arm-none-eabi/include/stdio.h:250:18: note: expected 'char * restrict' but argument is of type 'uint8_t *' {aka 'unsigned char *'}
  250 | int     sprintf (char *__restrict, const char *__restrict, ...)
      |                  ^
../Core/Src/main.c:1602:41: warning: pointer targets in passing argument 1 of 'sprintf' differ in signedness [-Wpointer-sign]
 1602 |                                 sprintf(temp, "$PMRRV72%c%c", SysState.gain + 0x30, SysState.sidetone + 0x30);
      |                                         ^~~~
      |                                         |
      |                                         uint8_t * {aka unsigned char *}
C:\ST\STM32CubeIDE_1.14.1\STM32CubeIDE\plugins\com.st.stm32cube.ide.mcu.externaltools.gnu-tools-for-stm32.12.3.rel1.win32_1.0.200.202406191623\tools\bin/../lib/gcc/arm-none-eabi/12.3.1/../../../../arm-none-eabi/include/stdio.h:250:18: note: expected 'char * restrict' but argument is of type 'uint8_t *' {aka 'unsigned char *'}
  250 | int     sprintf (char *__restrict, const char *__restrict, ...)
      |                  ^
../Core/Src/main.c:1607:33: warning: pointer targets in passing argument 1 of 'strlen' differ in signedness [-Wpointer-sign]
 1607 |                 txtlen = strlen(temp);
      |                                 ^~~~
      |                                 |
      |                                 uint8_t * {aka unsigned char *}
In file included from ../Core/Src/main.c:23:
C:\ST\STM32CubeIDE_1.14.1\STM32CubeIDE\plugins\com.st.stm32cube.ide.mcu.externaltools.gnu-tools-for-stm32.12.3.rel1.win32_1.0.200.202406191623\tools\bin/../lib/gcc/arm-none-eabi/12.3.1/../../../../arm-none-eabi/include/string.h:41:18: note: expected 'const char *' but argument is of type 'uint8_t *' {aka 'unsigned char *'}
   41 | size_t   strlen (const char *);
      |                  ^~~~~~~~~~~~
../Core/Src/main.c:1615:25: warning: pointer targets in passing argument 1 of 'sprintf' differ in signedness [-Wpointer-sign]
 1615 |                 sprintf(msg, "%s%02X\r\n", temp, checksum);
      |                         ^~~
      |                         |
      |                         uint8_t * {aka unsigned char *}
C:\ST\STM32CubeIDE_1.14.1\STM32CubeIDE\plugins\com.st.stm32cube.ide.mcu.externaltools.gnu-tools-for-stm32.12.3.rel1.win32_1.0.200.202406191623\tools\bin/../lib/gcc/arm-none-eabi/12.3.1/../../../../arm-none-eabi/include/stdio.h:250:18: note: expected 'char * restrict' but argument is of type 'uint8_t *' {aka 'unsigned char *'}
  250 | int     sprintf (char *__restrict, const char *__restrict, ...)
      |                  ^
../Core/Src/main.c:1618:41: warning: pointer targets in passing argument 1 of 'strlen' differ in signedness [-Wpointer-sign]
 1618 |                         txtlen = strlen(msg);
      |                                         ^~~
      |                                         |
      |                                         uint8_t * {aka unsigned char *}
C:\ST\STM32CubeIDE_1.14.1\STM32CubeIDE\plugins\com.st.stm32cube.ide.mcu.externaltools.gnu-tools-for-stm32.12.3.rel1.win32_1.0.200.202406191623\tools\bin/../lib/gcc/arm-none-eabi/12.3.1/../../../../arm-none-eabi/include/string.h:41:18: note: expected 'const char *' but argument is of type 'uint8_t *' {aka 'unsigned char *'}
   41 | size_t   strlen (const char *);
      |                  ^~~~~~~~~~~~
../Core/Src/main.c:1566:55: warning: 'sprintf' writing a terminating nul past the end of the destination [-Wformat-overflow=]
 1566 |                                         "$PMRRV2472000");
      |                                                       ^
../Core/Src/main.c:1565:33: note: 'sprintf' output 14 bytes into a destination of size 13
 1565 |                                 sprintf(temp,
      |                                 ^~~~~~~~~~~~~
 1566 |                                         "$PMRRV2472000");
      |                                         ~~~~~~~~~~~~~~~~
../Core/Src/main.c:1560:55: warning: 'sprintf' writing a terminating nul past the end of the destination [-Wformat-overflow=]
 1560 |                                         "$PMRRV2471000");
      |                                                       ^
../Core/Src/main.c:1559:33: note: 'sprintf' output 14 bytes into a destination of size 13
 1559 |                                 sprintf(temp,
      |                                 ^~~~~~~~~~~~~
 1560 |                                         "$PMRRV2471000");
      |                                         ~~~~~~~~~~~~~~~~
../Core/Src/main.c:1554:55: warning: 'sprintf' writing a terminating nul past the end of the destination [-Wformat-overflow=]
 1554 |                                         "$PMRRV2436000");
      |                                                       ^
../Core/Src/main.c:1553:33: note: 'sprintf' output 14 bytes into a destination of size 13
 1553 |                                 sprintf(temp,
      |                                 ^~~~~~~~~~~~~
 1554 |                                         "$PMRRV2436000");
      |                                         ~~~~~~~~~~~~~~~~
../Core/Src/main.c:1548:55: warning: 'sprintf' writing a terminating nul past the end of the destination [-Wformat-overflow=]
 1548 |                                         "$PMRRV2435000");
      |                                                       ^
../Core/Src/main.c:1547:33: note: 'sprintf' output 14 bytes into a destination of size 13
 1547 |                                 sprintf(temp,
      |                                 ^~~~~~~~~~~~~
 1548 |                                         "$PMRRV2435000");
      |                                         ~~~~~~~~~~~~~~~~
../Core/Src/main.c:1543:55: warning: 'sprintf' writing a terminating nul past the end of the destination [-Wformat-overflow=]
 1543 |                                         "$PMRRV2420000");
      |                                                       ^
../Core/Src/main.c:1542:33: note: 'sprintf' output 14 bytes into a destination of size 13
 1542 |                                 sprintf(temp,
      |                                 ^~~~~~~~~~~~~
 1543 |                                         "$PMRRV2420000");
      |                                         ~~~~~~~~~~~~~~~~
../Core/Src/main.c: In function 'MAIN_Task':
../Core/Src/main.c:1179:53: warning: 'sprintf' may write a terminating nul past the end of the destination [-Wformat-overflow=]
 1179 |                                         "%s Delete Y",
      |                                                     ^
../Core/Src/main.c:1178:33: note: 'sprintf' output between 10 and 17 bytes into a destination of size 16
 1178 |                                 sprintf(toPrint,
      |                                 ^~~~~~~~~~~~~~~~
 1179 |                                         "%s Delete Y",
      |                                         ~~~~~~~~~~~~~~
 1180 |                                         memdata.Name);
      |                                         ~~~~~~~~~~~~~
../Core/Src/main.c:1201:61: warning: 'sprintf' may write a terminating nul past the end of the destination [-Wformat-overflow=]
 1201 |                                                 "%s Delete N",
      |                                                             ^
../Core/Src/main.c:1200:41: note: 'sprintf' output between 10 and 17 bytes into a destination of size 16
 1200 |                                         sprintf(toPrint,
      |                                         ^~~~~~~~~~~~~~~~
 1201 |                                                 "%s Delete N",
      |                                                 ~~~~~~~~~~~~~~
 1202 |                                                 memdata.Name);
      |                                                 ~~~~~~~~~~~~~
../Core/Src/main.c:1196:61: warning: 'sprintf' may write a terminating nul past the end of the destination [-Wformat-overflow=]
 1196 |                                                 "%s Delete Y",
      |                                                             ^
../Core/Src/main.c:1195:41: note: 'sprintf' output between 10 and 17 bytes into a destination of size 16
 1195 |                                         sprintf(toPrint,
      |                                         ^~~~~~~~~~~~~~~~
 1196 |                                                 "%s Delete Y",
      |                                                 ~~~~~~~~~~~~~~
 1197 |                                                 memdata.Name);
      |                                                 ~~~~~~~~~~~~~
../Core/Src/main.c:1099:60: warning: 'sprintf' may write a terminating nul past the end of the destination [-Wformat-overflow=]
 1099 |                                                 "%s %07.3f ",
      |                                                            ^
../Core/Src/main.c:1098:41: note: 'sprintf' output between 10 and 324 bytes into a destination of size 16
 1098 |                                         sprintf(toPrint,
      |                                         ^~~~~~~~~~~~~~~~
 1099 |                                                 "%s %07.3f ",
      |                                                 ~~~~~~~~~~~~~
 1100 |                                                 memdata.Name,
      |                                                 ~~~~~~~~~~~~~
 1101 |                                                 memdata.freq);
      |                                                 ~~~~~~~~~~~~~
../Core/Src/main.c:1092:75: warning: 'EMPTY             ' directive writing 18 bytes into a region of size 16 [-Wformat-overflow=]
 1092 |                                         sprintf(toPrint, "EMPTY             ");
      |                                                           ~~~~~~~~~~~~~~~~^~
../Core/Src/main.c:1092:41: note: 'sprintf' output 19 bytes into a destination of size 16
 1092 |                                         sprintf(toPrint, "EMPTY             ");
      |                                         ^~~~~~~~~~~~~~~~~~~~~~~~~~~~~~~~~~~~~~
../Core/Src/main.c:1152:52: warning: 'sprintf' may write a terminating nul past the end of the destination [-Wformat-overflow=]
 1152 |                                         "%s %07.3f ",
      |                                                    ^
../Core/Src/main.c:1151:33: note: 'sprintf' output between 10 and 324 bytes into a destination of size 16
 1151 |                                 sprintf(toPrint,
      |                                 ^~~~~~~~~~~~~~~~
 1152 |                                         "%s %07.3f ",
      |                                         ~~~~~~~~~~~~~
 1153 |                                         memdata.Name,
      |                                         ~~~~~~~~~~~~~
 1154 |                                         memdata.freq);
      |                                         ~~~~~~~~~~~~~
../Core/Src/main.c:1024:60: warning: 'sprintf' may write a terminating nul past the end of the destination [-Wformat-overflow=]
 1024 |                                                 "%s %07.3f ",
      |                                                            ^
../Core/Src/main.c:1023:41: note: 'sprintf' output between 10 and 324 bytes into a destination of size 16
 1023 |                                         sprintf(toPrint,
      |                                         ^~~~~~~~~~~~~~~~
 1024 |                                                 "%s %07.3f ",
      |                                                 ~~~~~~~~~~~~~
 1025 |                                                 memdata.Name,
      |                                                 ~~~~~~~~~~~~~
 1026 |                                                 memdata.freq);
      |                                                 ~~~~~~~~~~~~~
../Core/Src/main.c:1017:75: warning: '     NO MEM       ' directive writing 18 bytes into a region of size 16 [-Wformat-overflow=]
 1017 |                                         sprintf(toPrint, "     NO MEM       ");
      |                                                           ~~~~~~~~~~~~~~~~^~
../Core/Src/main.c:1017:41: note: 'sprintf' output 19 bytes into a destination of size 16
 1017 |                                         sprintf(toPrint, "     NO MEM       ");
      |                                         ^~~~~~~~~~~~~~~~~~~~~~~~~~~~~~~~~~~~~~
../Core/Src/main.c:1047:52: warning: 'sprintf' may write a terminating nul past the end of the destination [-Wformat-overflow=]
 1047 |                                         "%s %07.3f ",
      |                                                    ^
../Core/Src/main.c:1046:33: note: 'sprintf' output between 10 and 324 bytes into a destination of size 16
 1046 |                                 sprintf(toPrint,
      |                                 ^~~~~~~~~~~~~~~~
 1047 |                                         "%s %07.3f ",
      |                                         ~~~~~~~~~~~~~
 1048 |                                         memdata.Name,
      |                                         ~~~~~~~~~~~~~
 1049 |                                         memdata.freq);
      |                                         ~~~~~~~~~~~~~
../Core/Src/main.c:945:65: warning: 'sprintf' writing a terminating nul past the end of the destination [-Wformat-overflow=]
  945 |                                                 "A%07.3f SQL OFF",
      |                                                                 ^
../Core/Src/main.c:944:41: note: 'sprintf' output between 17 and 324 bytes into a destination of size 16
  944 |                                         sprintf(toPrint,
      |                                         ^~~~~~~~~~~~~~~~
  945 |                                                 "A%07.3f SQL OFF",
      |                                                 ~~~~~~~~~~~~~~~~~~
  946 |                                                 SysState.Afreq,
      |                                                 ~~~~~~~~~~~~~~~
  947 |                                                 SysState.squelch);
      |                                                 ~~~~~~~~~~~~~~~~~
../Core/Src/main.c:938:66: warning: ' ' directive writing 1 byte into a region of size between 0 and 1 [-Wformat-overflow=]
  938 |                                                 "A%07.3f SQL %02d ",
      |                                                                  ^
../Core/Src/main.c:937:41: note: 'sprintf' output between 17 and 325 bytes into a destination of size 16
  937 |                                         sprintf(toPrint,
      |                                         ^~~~~~~~~~~~~~~~
  938 |                                                 "A%07.3f SQL %02d ",
      |                                                 ~~~~~~~~~~~~~~~~~~~~
  939 |                                                 SysState.Afreq,
      |                                                 ~~~~~~~~~~~~~~~
  940 |                                                 SysState.squelch);
      |                                                 ~~~~~~~~~~~~~~~~~
../Core/Src/main.c:975:65: warning: 'sprintf' writing a terminating nul past the end of the destination [-Wformat-overflow=]
  975 |                                                 "A%07.3f SQL OFF",
      |                                                                 ^
../Core/Src/main.c:974:41: note: 'sprintf' output between 17 and 324 bytes into a destination of size 16
  974 |                                         sprintf(toPrint,
      |                                         ^~~~~~~~~~~~~~~~
  975 |                                                 "A%07.3f SQL OFF",
      |                                                 ~~~~~~~~~~~~~~~~~~
  976 |                                                 SysState.Afreq,
      |                                                 ~~~~~~~~~~~~~~~
  977 |                                                 SysState.squelch);
      |                                                 ~~~~~~~~~~~~~~~~~
../Core/Src/main.c:968:66: warning: ' ' directive writing 1 byte into a region of size between 0 and 1 [-Wformat-overflow=]
  968 |                                                 "A%07.3f SQL %02d ",
      |                                                                  ^
../Core/Src/main.c:967:41: note: 'sprintf' output between 17 and 325 bytes into a destination of size 16
  967 |                                         sprintf(toPrint,
      |                                         ^~~~~~~~~~~~~~~~
  968 |                                                 "A%07.3f SQL %02d ",
      |                                                 ~~~~~~~~~~~~~~~~~~~~
  969 |                                                 SysState.Afreq,
      |                                                 ~~~~~~~~~~~~~~~
  970 |                                                 SysState.squelch);
      |                                                 ~~~~~~~~~~~~~~~~~
../Core/Src/main.c:869:65: warning: 'sprintf' writing a terminating nul past the end of the destination [-Wformat-overflow=]
  869 |                                                 "A%07.3f VOL OFF",
      |                                                                 ^
../Core/Src/main.c:868:41: note: 'sprintf' output between 17 and 324 bytes into a destination of size 16
  868 |                                         sprintf(toPrint,
      |                                         ^~~~~~~~~~~~~~~~
  869 |                                                 "A%07.3f VOL OFF",
      |                                                 ~~~~~~~~~~~~~~~~~~
  870 |                                                 SysState.Afreq,
      |                                                 ~~~~~~~~~~~~~~~
  871 |                                                 SysState.vol);
      |                                                 ~~~~~~~~~~~~~
../Core/Src/main.c:862:66: warning: ' ' directive writing 1 byte into a region of size between 0 and 1 [-Wformat-overflow=]
  862 |                                                 "A%07.3f VOL %02d ",
      |                                                                  ^
../Core/Src/main.c:861:41: note: 'sprintf' output between 17 and 325 bytes into a destination of size 16
  861 |                                         sprintf(toPrint,
      |                                         ^~~~~~~~~~~~~~~~
  862 |                                                 "A%07.3f VOL %02d ",
      |                                                 ~~~~~~~~~~~~~~~~~~~~
  863 |                                                 SysState.Afreq,
      |                                                 ~~~~~~~~~~~~~~~
  864 |                                                 SysState.vol);
      |                                                 ~~~~~~~~~~~~~
../Core/Src/main.c:901:65: warning: 'sprintf' writing a terminating nul past the end of the destination [-Wformat-overflow=]
  901 |                                                 "A%07.3f VOL OFF",
      |                                                                 ^
../Core/Src/main.c:900:41: note: 'sprintf' output between 17 and 324 bytes into a destination of size 16
  900 |                                         sprintf(toPrint,
      |                                         ^~~~~~~~~~~~~~~~
  901 |                                                 "A%07.3f VOL OFF",
      |                                                 ~~~~~~~~~~~~~~~~~~
  902 |                                                 SysState.Afreq,
      |                                                 ~~~~~~~~~~~~~~~
  903 |                                                 SysState.vol);
      |                                                 ~~~~~~~~~~~~~
../Core/Src/main.c:894:66: warning: ' ' directive writing 1 byte into a region of size between 0 and 1 [-Wformat-overflow=]
  894 |                                                 "A%07.3f VOL %02d ",
      |                                                                  ^
../Core/Src/main.c:893:41: note: 'sprintf' output between 17 and 325 bytes into a destination of size 16
  893 |                                         sprintf(toPrint,
      |                                         ^~~~~~~~~~~~~~~~
  894 |                                                 "A%07.3f VOL %02d ",
      |                                                 ~~~~~~~~~~~~~~~~~~~~
  895 |                                                 SysState.Afreq,
      |                                                 ~~~~~~~~~~~~~~~
  896 |                                                 SysState.vol);
      |                                                 ~~~~~~~~~~~~~
../Core/Src/main.c:796:59: warning: 'sprintf' writing a terminating nul past the end of the destination [-Wformat-overflow=]
  796 |                                         "A%07.3f MicG %02d",
      |                                                           ^
../Core/Src/main.c:795:33: note: 'sprintf' output between 17 and 333 bytes into a destination of size 16
  795 |                                 sprintf(toPrint,
      |                                 ^~~~~~~~~~~~~~~~
  796 |                                         "A%07.3f MicG %02d",
      |                                         ~~~~~~~~~~~~~~~~~~~~
  797 |                                         SysState.gain);
      |                                         ~~~~~~~~~~~~~~
../Core/Src/main.c:817:55: warning: '%02u' directive writing between 2 and 3 bytes into a region of size between 0 and 2 [-Wformat-overflow=]
  817 |                                         "A%07.3f MicG %02u",
      |                                                       ^~~~
../Core/Src/main.c:817:41: note: directive argument in the range [0, 255]
  817 |                                         "A%07.3f MicG %02u",
      |                                         ^~~~~~~~~~~~~~~~~~~
../Core/Src/main.c:816:33: note: 'sprintf' output between 17 and 325 bytes into a destination of size 16
  816 |                                 sprintf(toPrint,
      |                                 ^~~~~~~~~~~~~~~~
  817 |                                         "A%07.3f MicG %02u",
      |                                         ~~~~~~~~~~~~~~~~~~~~
  818 |                                         SysState.Afreq,
      |                                         ~~~~~~~~~~~~~~~
  819 |                                         SysState.gain);
      |                                         ~~~~~~~~~~~~~~
../Core/Src/main.c:838:55: warning: '%02u' directive writing between 2 and 3 bytes into a region of size between 0 and 2 [-Wformat-overflow=]
  838 |                                         "A%07.3f Side %02u",
      |                                                       ^~~~
../Core/Src/main.c:838:41: note: directive argument in the range [0, 255]
  838 |                                         "A%07.3f Side %02u",
      |                                         ^~~~~~~~~~~~~~~~~~~
../Core/Src/main.c:837:33: note: 'sprintf' output between 17 and 325 bytes into a destination of size 16
  837 |                                 sprintf(toPrint,
      |                                 ^~~~~~~~~~~~~~~~
  838 |                                         "A%07.3f Side %02u",
      |                                         ~~~~~~~~~~~~~~~~~~~~
  839 |                                         SysState.Afreq,
      |                                         ~~~~~~~~~~~~~~~
  840 |                                         SysState.sidetone);
      |                                         ~~~~~~~~~~~~~~~~~~
../Core/Src/main.c:709:56: warning: 'sprintf' writing a terminating nul past the end of the destination [-Wformat-overflow=]
  709 |                                         "A%07.3fS%07.3f",
      |                                                        ^
../Core/Src/main.c:708:33: note: 'sprintf' output between 17 and 631 bytes into a destination of size 16
  708 |                                 sprintf(toPrint,
      |                                 ^~~~~~~~~~~~~~~~
  709 |                                         "A%07.3fS%07.3f",
      |                                         ~~~~~~~~~~~~~~~~~
  710 |                                         SysState.Afreq,
      |                                         ~~~~~~~~~~~~~~~
  711 |                                         SysState.Sfreq);
      |                                         ~~~~~~~~~~~~~~~
../Core/Src/main.c:765:56: warning: 'sprintf' writing a terminating nul past the end of the destination [-Wformat-overflow=]
  765 |                                         "A%07.3fS%07.3f",
      |                                                        ^
../Core/Src/main.c:764:33: note: 'sprintf' output between 17 and 631 bytes into a destination of size 16
  764 |                                 sprintf(toPrint,
      |                                 ^~~~~~~~~~~~~~~~
  765 |                                         "A%07.3fS%07.3f",
      |                                         ~~~~~~~~~~~~~~~~~
  766 |                                         SysState.Afreq,
      |                                         ~~~~~~~~~~~~~~~
  767 |                                         SysState.Sfreq);
      |                                         ~~~~~~~~~~~~~~~
arm-none-eabi-gcc -o "RCU_CubeIDE.elf" @"objects.list"   -mcpu=cortex-m3 -T"D:\Projects\CDU\CDU_FW\RCU_CubeIDE\STM32F103VCTX_FLASH.ld" --specs=nosys.specs -Wl,-Map="RCU_CubeIDE.map" -Wl,--gc-sections -static --specs=nano.specs -mfloat-abi=soft -mthumb -u _printf_float -Wl,--start-group -lc -lm -Wl,--end-group
Finished building target: RCU_CubeIDE.elf
 
arm-none-eabi-size  RCU_CubeIDE.elf 
arm-none-eabi-objdump -h -S RCU_CubeIDE.elf  > "RCU_CubeIDE.list"
   text	   data	    bss	    dec	    hex	filename
  50128	    480	   4040	  54648	   d578	RCU_CubeIDE.elf
Finished building: default.size.stdout
 
Finished building: RCU_CubeIDE.list
 

10:54:24 Build Finished. 0 errors, 65 warnings. (took 5s.47ms)

