10:54:25 **** Build of configuration Debug for project RCU_NAV_NoErrorMsg ****
make -j4 all 
arm-none-eabi-gcc -o "RCU_NAV_NoErrorMsg.elf" @"objects.list"   -mcpu=cortex-m3 -T"D:\Projects\CDU\CDU_FW\RCU_NAV_NoErrorMsg\STM32F103VCTX_FLASH.ld" --specs=nosys.specs -Wl,-Map="RCU_NAV_NoErrorMsg.map" -Wl,--gc-sections -static --specs=nano.specs -mfloat-abi=soft -mthumb -u _printf_float -Wl,--start-group -lc -lm -Wl,--end-group
Finished building target: RCU_NAV_NoErrorMsg.elf
 
arm-none-eabi-size  RCU_NAV_NoErrorMsg.elf 
arm-none-eabi-objdump -h -S RCU_NAV_NoErrorMsg.elf  > "RCU_NAV_NoErrorMsg.list"
   text	   data	    bss	    dec	    hex	filename
  58948	    504	   6760	  66212	  102a4	RCU_NAV_NoErrorMsg.elf
Finished building: default.size.stdout
 
Finished building: RCU_NAV_NoErrorMsg.list
 

10:54:26 Build Finished. 0 errors, 0 warnings. (took 1s.6ms)

