11:05:31 **** Incremental Build of configuration Debug for project temp_f4_dispaly ****
make -j4 all 
arm-none-eabi-gcc "../Core/Src/NAVSCreen.c" -mcpu=cortex-m4 -std=gnu11 -g3 -DDEBUG -DUSE_HAL_DRIVER -DSTM32F407xx -c -I../Core/Inc -I../Drivers/STM32F4xx_HAL_Driver/Inc -I../Drivers/STM32F4xx_HAL_Driver/Inc/Legacy -I../Drivers/CMSIS/Device/ST/STM32F4xx/Include -I../Drivers/CMSIS/Include -O0 -ffunction-sections -fdata-sections -Wall -fstack-usage -fcyclomatic-complexity -MMD -MP -MF"Core/Src/NAVSCreen.d" -MT"Core/Src/NAVSCreen.o" --specs=nano.specs -mfpu=fpv4-sp-d16 -mfloat-abi=hard -mthumb -o "Core/Src/NAVSCreen.o"
../Core/Src/NAVSCreen.c: In function 'NavScreenStateMachine':
../Core/Src/NAVSCreen.c:225:24: warning: unused variable 'end_time' [-Wunused-variable]
  225 |                 time_t end_time = time(NULL);
      |                        ^~~~~~~~
../Core/Src/NAVSCreen.c:264:41: warning: 'strncat' specified bound 1 equals source length [-Wstringop-overflow=]
  264 |                                         strncat(text, ".", 1);
      |                                         ^~~~~~~~~~~~~~~~~~~~~
../Core/Src/NAVSCreen.c:284:52: warning: 'snprintf' output may be truncated before the last format character [-Wformat-truncation=]
  284 |                 snprintf(txt, sizeof(txt), "S %0.3f", Params->Standby);
      |                                                    ^
../Core/Src/NAVSCreen.c:284:17: note: 'snprintf' output between 6 and 317 bytes into a destination of size 7
  284 |                 snprintf(txt, sizeof(txt), "S %0.3f", Params->Standby);
      |                 ^~~~~~~~~~~~~~~~~~~~~~~~~~~~~~~~~~~~~~~~~~~~~~~~~~~~~~
../Core/Src/NAVSCreen.c:327:25: warning: 'Label' may be used uninitialized [-Wmaybe-uninitialized]
  327 |                         snprintf(str, sizeof(str), Format, *Label);
      |                         ^~~~~~~~~~~~~~~~~~~~~~~~~~~~~~~~~~~~~~~~~~
../Core/Src/NAVSCreen.c:111:18: note: 'Label' was declared here
  111 |         double * Label;
      |                  ^~~~~
../Core/Src/NAVSCreen.c:351:25: warning: 'Position' may be used uninitialized [-Wmaybe-uninitialized]
  351 |                         configBgcolorLCD(Position, TRANSPARENTBG);
      |                         ^~~~~~~~~~~~~~~~~~~~~~~~~~~~~~~~~~~~~~~~~
../Core/Src/NAVSCreen.c:110:24: note: 'Position' was declared here
  110 |         lcdCmdParam_id Position;
      |                        ^~~~~~~~
arm-none-eabi-gcc -o "temp_f4_dispaly.elf" @"objects.list"   -mcpu=cortex-m4 -T"D:\Projects\CDU\CDU_FW\temp_f4_dispaly\STM32F407VGTX_FLASH.ld" --specs=nosys.specs -Wl,-Map="temp_f4_dispaly.map" -Wl,--gc-sections -static --specs=nano.specs -mfpu=fpv4-sp-d16 -mfloat-abi=hard -mthumb -u _printf_float -Wl,--start-group -lc -lm -Wl,--end-group
C:/ST/STM32CubeIDE_1.14.1/STM32CubeIDE/plugins/com.st.stm32cube.ide.mcu.externaltools.gnu-tools-for-stm32.12.3.rel1.win32_1.0.200.202406191623/tools/bin/../lib/gcc/arm-none-eabi/12.3.1/../../../../arm-none-eabi/bin/ld.exe: C:/ST/STM32CubeIDE_1.14.1/STM32CubeIDE/plugins/com.st.stm32cube.ide.mcu.externaltools.gnu-tools-for-stm32.12.3.rel1.win32_1.0.200.202406191623/tools/bin/../lib/gcc/arm-none-eabi/12.3.1/../../../../arm-none-eabi/lib/thumb/v7e-m+fp/hard\libc_nano.a(libc_a-gettimeofdayr.o): in function `_gettimeofday_r':
(.text._gettimeofday_r+0xe): warning: _gettimeofday is not implemented and will always fail
Finished building target: temp_f4_dispaly.elf
 
arm-none-eabi-size  temp_f4_dispaly.elf 
arm-none-eabi-objdump -h -S temp_f4_dispaly.elf  > "temp_f4_dispaly.list"
   text	   data	    bss	    dec	    hex	filename
  42272	    536	   2232	  45040	   aff0	temp_f4_dispaly.elf
Finished building: default.size.stdout
 
Finished building: temp_f4_dispaly.list
 

11:05:32 Build Finished. 0 errors, 6 warnings. (took 776ms)

